
=== YOLO training watch started 2026-06-14 15:37:33 ===
[15:37:33] epoch=  1 box=0.84961 cls=3.43054 P= 0.2082 R=0.53005 mAP50=0.25097 mAP50-95=0.19845 (src=yolo_baseline-4)
[15:40:33] epoch=  2 box=0.77056 cls=2.50032 P=0.26091 R=0.50242 mAP50= 0.3435 mAP50-95=0.27717 (src=yolo_baseline-4)
[15:44:33] epoch=  3 box=0.76654 cls=2.05096 P= 0.5091 R=0.57943 mAP50=0.56896 mAP50-95=0.46662 (src=yolo_baseline-4)
[15:48:03] epoch=  4 box=0.75107 cls=  1.706 P=0.70479 R=0.65817 mAP50=0.73111 mAP50-95=0.59821 (src=yolo_baseline-4)
[15:51:33] epoch=  5 box= 0.7164 cls=1.45645 P=0.76678 R=0.74511 mAP50=0.81345 mAP50-95=0.66891 (src=yolo_baseline-4)
[15:55:18] epoch=  6 box=0.68714 cls=1.27019 P=0.83103 R=0.78684 mAP50=0.85353 mAP50-95=0.70774 (src=yolo_baseline-4)
[15:59:03] epoch=  7 box=0.68128 cls=1.16336 P=0.90384 R=0.77656 mAP50=0.88309 mAP50-95=0.74614 (src=yolo_baseline-3)
[16:02:48] epoch=  8 box=0.65793 cls= 1.0575 P= 0.8982 R=0.81531 mAP50=0.90157 mAP50-95=0.74804 (src=yolo_baseline-3)
[16:06:48] epoch=  9 box=0.66416 cls=1.03263 P= 0.9165 R=0.81953 mAP50=0.89386 mAP50-95=0.75051 (src=yolo_baseline-3)
[16:11:04] epoch= 10 box=0.64782 cls=0.96278 P= 0.8827 R=0.86289 mAP50=0.92423 mAP50-95=0.77814 (src=yolo_baseline-4)
[16:15:19] epoch= 11 box=0.63123 cls=0.91465 P=0.94015 R=0.81959 mAP50=0.91503 mAP50-95=0.77437 (src=yolo_baseline-4)
[16:19:34] epoch= 12 box=0.62118 cls=0.86941 P= 0.9345 R=0.83263 mAP50=0.92579 mAP50-95=0.78194 (src=yolo_baseline-4)
[16:23:49] epoch= 13 box=0.62339 cls=0.85814 P= 0.8993 R=0.87628 mAP50=0.92966 mAP50-95=0.78375 (src=yolo_baseline-4)
[16:28:04] epoch= 14 box=0.60302 cls=0.81463 P=0.91818 R=0.86742 mAP50=0.93562 mAP50-95=0.78895 (src=yolo_baseline-4)
[16:32:04] epoch= 15 box=0.59603 cls=0.79138 P=0.94139 R=0.84616 mAP50= 0.9328 mAP50-95=0.78517 (src=yolo_baseline-4)
[16:36:19] epoch= 16 box=0.58886 cls=0.75842 P=0.94786 R=0.85004 mAP50=0.94025 mAP50-95=0.79674 (src=yolo_baseline-4)
[16:40:19] epoch= 17 box=0.58952 cls=0.75506 P=0.94605 R=0.86469 mAP50=0.94967 mAP50-95=0.80578 (src=yolo_baseline-4)
[16:44:34] epoch= 18 box=0.57825 cls=0.72837 P=0.94796 R=0.88392 mAP50=0.95194 mAP50-95= 0.8045 (src=yolo_baseline-4)
[16:49:04] epoch= 19 box= 0.5785 cls=0.70378 P=0.93738 R=0.88299 mAP50=0.95403 mAP50-95=0.80646 (src=yolo_baseline-4)
[16:53:35] epoch= 20 box=0.56543 cls=0.67941 P=0.93829 R= 0.8993 mAP50=0.95206 mAP50-95= 0.8126 (src=yolo_baseline-4)
[16:58:35] epoch= 21 box=0.56143 cls=0.47955 P=0.93037 R=0.90319 mAP50=0.95268 mAP50-95=0.80798 (src=yolo_baseline-4)
[17:03:20] epoch= 22 box=0.54963 cls=0.44823 P=0.94506 R=0.90199 mAP50=0.95878 mAP50-95=0.81075 (src=yolo_baseline-4)
[17:07:50] epoch= 23 box=0.54385 cls=0.42814 P=0.95657 R=  0.911 mAP50=0.96485 mAP50-95=0.82266 (src=yolo_baseline-4)

=== backfilled epochs 24-30 from results.csv 2026-06-15 09:43:32 ===
[backfill] epoch= 24 box=0.53377 cls=0.41886 P=0.93991 R=0.86099 mAP50=0.92593 mAP50-95=0.78915
[backfill] epoch= 25 box=0.52253 cls=0.39787 P= 0.9274 R=0.90754 mAP50=0.93441 mAP50-95=0.79314
[backfill] epoch= 26 box=0.51776 cls= 0.3863 P=0.95135 R=0.91601 mAP50= 0.9529 mAP50-95=0.81326
[backfill] epoch= 27 box=0.50741 cls=0.38066 P=0.94621 R=0.87835 mAP50=0.93323 mAP50-95=0.79928
[backfill] epoch= 28 box=0.49786 cls=0.36522 P=0.93351 R=0.90303 mAP50=0.92317 mAP50-95= 0.7995
[backfill] epoch= 29 box=0.49456 cls=0.35357 P=0.95442 R=0.91965 mAP50=0.96881 mAP50-95=0.83091
[backfill] epoch= 30 box=0.48522 cls=0.34324 P=0.94472 R=0.91057 mAP50=0.94934 mAP50-95=0.81472
